   1              		.syntax unified
   2              		.cpu cortex-m4
   3              		.fpu softvfp
   4              		.eabi_attribute 20, 1
   5              		.eabi_attribute 21, 1
   6              		.eabi_attribute 23, 3
   7              		.eabi_attribute 24, 1
   8              		.eabi_attribute 25, 1
   9              		.eabi_attribute 26, 1
  10              		.eabi_attribute 30, 6
  11              		.eabi_attribute 34, 1
  12              		.eabi_attribute 18, 4
  13              		.thumb
  14              		.file	"__arm_end.c"
  15              		.text
  16              	.Ltext0:
  17              		.cfi_sections	.debug_frame
  18              		.section	.text._ExitProcess,"ax",%progbits
  19              		.align	2
  20              		.weak	_ExitProcess
  21              		.thumb
  22              		.thumb_func
  24              	_ExitProcess:
  25              	.LFB0:
  26              		.file 1 "../Project_Settings/Startup_Code/__arm_end.c"
   1:../Project_Settings/Startup_Code/__arm_end.c **** /* CodeWarrior ARM Runtime Support Library 
   2:../Project_Settings/Startup_Code/__arm_end.c **** 
   3:../Project_Settings/Startup_Code/__arm_end.c ****  * Copyright © 2012 FReescale. All rights reserved. 
   4:../Project_Settings/Startup_Code/__arm_end.c **** 
   5:../Project_Settings/Startup_Code/__arm_end.c ****  * 
   6:../Project_Settings/Startup_Code/__arm_end.c **** 
   7:../Project_Settings/Startup_Code/__arm_end.c ****  * $Date: 2012/07/12 23:03:54 $ 
   8:../Project_Settings/Startup_Code/__arm_end.c **** 
   9:../Project_Settings/Startup_Code/__arm_end.c ****  * $Revision: 1.3 $ 
  10:../Project_Settings/Startup_Code/__arm_end.c **** 
  11:../Project_Settings/Startup_Code/__arm_end.c ****  */ 
  12:../Project_Settings/Startup_Code/__arm_end.c **** 
  13:../Project_Settings/Startup_Code/__arm_end.c **** 
  14:../Project_Settings/Startup_Code/__arm_end.c **** 
  15:../Project_Settings/Startup_Code/__arm_end.c **** /*
  16:../Project_Settings/Startup_Code/__arm_end.c **** 
  17:../Project_Settings/Startup_Code/__arm_end.c **** 
  18:../Project_Settings/Startup_Code/__arm_end.c **** 
  19:../Project_Settings/Startup_Code/__arm_end.c **** FILE
  20:../Project_Settings/Startup_Code/__arm_end.c **** 
  21:../Project_Settings/Startup_Code/__arm_end.c **** 	__arm_end.c
  22:../Project_Settings/Startup_Code/__arm_end.c **** 
  23:../Project_Settings/Startup_Code/__arm_end.c **** 
  24:../Project_Settings/Startup_Code/__arm_end.c **** 
  25:../Project_Settings/Startup_Code/__arm_end.c **** DESCRIPTION
  26:../Project_Settings/Startup_Code/__arm_end.c **** 
  27:../Project_Settings/Startup_Code/__arm_end.c **** 
  28:../Project_Settings/Startup_Code/__arm_end.c **** 
  29:../Project_Settings/Startup_Code/__arm_end.c **** 	Use this file for C.
  30:../Project_Settings/Startup_Code/__arm_end.c **** 
  31:../Project_Settings/Startup_Code/__arm_end.c **** 	
  32:../Project_Settings/Startup_Code/__arm_end.c **** 
  33:../Project_Settings/Startup_Code/__arm_end.c **** 	Interface for board-level termination.
  34:../Project_Settings/Startup_Code/__arm_end.c **** 
  35:../Project_Settings/Startup_Code/__arm_end.c **** 	
  36:../Project_Settings/Startup_Code/__arm_end.c **** 
  37:../Project_Settings/Startup_Code/__arm_end.c **** */
  38:../Project_Settings/Startup_Code/__arm_end.c **** 
  39:../Project_Settings/Startup_Code/__arm_end.c **** 
  40:../Project_Settings/Startup_Code/__arm_end.c **** 
  41:../Project_Settings/Startup_Code/__arm_end.c **** #include <ansi_parms.h>
  42:../Project_Settings/Startup_Code/__arm_end.c **** 
  43:../Project_Settings/Startup_Code/__arm_end.c **** #include <CWCPlusLib.h>
  44:../Project_Settings/Startup_Code/__arm_end.c **** 
  45:../Project_Settings/Startup_Code/__arm_end.c **** 
  46:../Project_Settings/Startup_Code/__arm_end.c **** 
  47:../Project_Settings/Startup_Code/__arm_end.c **** _EWL_BEGIN_EXTERN_C
  48:../Project_Settings/Startup_Code/__arm_end.c **** 
  49:../Project_Settings/Startup_Code/__arm_end.c **** 
  50:../Project_Settings/Startup_Code/__arm_end.c **** 
  51:../Project_Settings/Startup_Code/__arm_end.c **** #if defined(__SEMIHOSTING)
  52:../Project_Settings/Startup_Code/__arm_end.c **** 
  53:../Project_Settings/Startup_Code/__arm_end.c **** extern void sys_exit(int status);
  54:../Project_Settings/Startup_Code/__arm_end.c **** 
  55:../Project_Settings/Startup_Code/__arm_end.c **** #endif
  56:../Project_Settings/Startup_Code/__arm_end.c **** 
  57:../Project_Settings/Startup_Code/__arm_end.c **** 
  58:../Project_Settings/Startup_Code/__arm_end.c **** 
  59:../Project_Settings/Startup_Code/__arm_end.c **** /*
  60:../Project_Settings/Startup_Code/__arm_end.c **** 
  61:../Project_Settings/Startup_Code/__arm_end.c ****  *	_ExitProcess
  62:../Project_Settings/Startup_Code/__arm_end.c **** 
  63:../Project_Settings/Startup_Code/__arm_end.c ****  *
  64:../Project_Settings/Startup_Code/__arm_end.c **** 
  65:../Project_Settings/Startup_Code/__arm_end.c ****  */
  66:../Project_Settings/Startup_Code/__arm_end.c **** 
  67:../Project_Settings/Startup_Code/__arm_end.c **** extern void _ExitProcess(int status) _EWL_WEAK;
  68:../Project_Settings/Startup_Code/__arm_end.c **** 
  69:../Project_Settings/Startup_Code/__arm_end.c **** extern void _ExitProcess(int status)
  70:../Project_Settings/Startup_Code/__arm_end.c **** 
  71:../Project_Settings/Startup_Code/__arm_end.c **** {
  27              		.loc 1 71 0
  28              		.cfi_startproc
  29              		@ args = 0, pretend = 0, frame = 8
  30              		@ frame_needed = 1, uses_anonymous_args = 0
  31              		@ link register save eliminated.
  32 0000 80B4     		push	{r7}
  33              	.LCFI0:
  34              		.cfi_def_cfa_offset 4
  35              		.cfi_offset 7, -4
  36 0002 83B0     		sub	sp, sp, #12
  37              	.LCFI1:
  38              		.cfi_def_cfa_offset 16
  39 0004 00AF     		add	r7, sp, #0
  40              	.LCFI2:
  41              		.cfi_def_cfa_register 7
  42 0006 7860     		str	r0, [r7, #4]
  43              	.L2:
  72:../Project_Settings/Startup_Code/__arm_end.c **** 
  73:../Project_Settings/Startup_Code/__arm_end.c **** #if defined(__SEMIHOSTING)
  74:../Project_Settings/Startup_Code/__arm_end.c **** 
  75:../Project_Settings/Startup_Code/__arm_end.c **** 	sys_exit(status);
  76:../Project_Settings/Startup_Code/__arm_end.c **** 
  77:../Project_Settings/Startup_Code/__arm_end.c **** #endif
  78:../Project_Settings/Startup_Code/__arm_end.c **** 
  79:../Project_Settings/Startup_Code/__arm_end.c **** 	while (1);
  44              		.loc 1 79 0
  45 0008 FEE7     		b	.L2
  46              		.cfi_endproc
  47              	.LFE0:
  49 000a 00BF     		.text
  50              	.Letext0:
DEFINED SYMBOLS
                            *ABS*:00000000 __arm_end.c
C:\Users\ehughes\AppData\Local\Temp\ccrynwTY.s:19     .text._ExitProcess:00000000 $t
C:\Users\ehughes\AppData\Local\Temp\ccrynwTY.s:24     .text._ExitProcess:00000000 _ExitProcess
                     .debug_frame:00000010 $d

NO UNDEFINED SYMBOLS
