   1              		.syntax unified
   2              		.cpu cortex-m4
   3              		.fpu softvfp
   4              		.eabi_attribute 20, 1
   5              		.eabi_attribute 21, 1
   6              		.eabi_attribute 23, 3
   7              		.eabi_attribute 24, 1
   8              		.eabi_attribute 25, 1
   9              		.eabi_attribute 26, 1
  10              		.eabi_attribute 30, 2
  11              		.eabi_attribute 34, 1
  12              		.eabi_attribute 18, 4
  13              		.thumb
  14              		.file	"Octave.c"
  15              		.text
  16              	.Ltext0:
  17              		.cfi_sections	.debug_frame
  18              		.section	.text.InitOctave,"ax",%progbits
  19              		.align	2
  20              		.global	InitOctave
  21              		.thumb
  22              		.thumb_func
  24              	InitOctave:
  25              	.LFB128:
  26              		.file 1 "../Sources/DSP/Octave.c"
   1:../Sources/DSP/Octave.c **** /*
   2:../Sources/DSP/Octave.c ****  * Octave.c
   3:../Sources/DSP/Octave.c ****  *
   4:../Sources/DSP/Octave.c ****  *  Created on: Mar 3, 2014
   5:../Sources/DSP/Octave.c ****  *      Author: emh203
   6:../Sources/DSP/Octave.c ****  */
   7:../Sources/DSP/Octave.c **** 
   8:../Sources/DSP/Octave.c **** #include "arm_math.h"
   9:../Sources/DSP/Octave.c **** #include "Octave.h"
  10:../Sources/DSP/Octave.c **** 
  11:../Sources/DSP/Octave.c **** 
  12:../Sources/DSP/Octave.c **** 
  13:../Sources/DSP/Octave.c **** void InitOctave(OctaveControl *OC,q31_t HighThreshold, q31_t LowThreshold)
  14:../Sources/DSP/Octave.c **** {
  27              		.loc 1 14 0
  28              		.cfi_startproc
  29              		@ args = 0, pretend = 0, frame = 0
  30              		@ frame_needed = 0, uses_anonymous_args = 0
  31              		@ link register save eliminated.
  32              	.LVL0:
  15:../Sources/DSP/Octave.c **** 	
  16:../Sources/DSP/Octave.c **** 	OC->SquareTracker[0] = 0x80000000; //Start at -1
  33              		.loc 1 16 0
  34 0000 4FF00043 		mov	r3, #-2147483648
  35 0004 0360     		str	r3, [r0, #0]
  17:../Sources/DSP/Octave.c **** 	OC->SquareTracker[1] = 0x80000000; //Start at -1
  36              		.loc 1 17 0
  37 0006 4360     		str	r3, [r0, #4]
  18:../Sources/DSP/Octave.c **** 	OC->Modulation[0] = 0x80000000; //Start at -1
  19:../Sources/DSP/Octave.c **** 	OC->Modulation[1] = 0x80000000; //Start at -1
  38              		.loc 1 19 0
  39 0008 8360     		str	r3, [r0, #8]
  20:../Sources/DSP/Octave.c **** 	OC->HighThresh = HighThreshold;
  40              		.loc 1 20 0
  41 000a C160     		str	r1, [r0, #12]
  21:../Sources/DSP/Octave.c **** 	OC->LowThresh = LowThreshold;
  42              		.loc 1 21 0
  43 000c 0261     		str	r2, [r0, #16]
  44 000e 7047     		bx	lr
  45              		.cfi_endproc
  46              	.LFE128:
  48              		.section	.text.Octave,"ax",%progbits
  49              		.align	2
  50              		.global	Octave
  51              		.thumb
  52              		.thumb_func
  54              	Octave:
  55              	.LFB129:
  22:../Sources/DSP/Octave.c **** }
  23:../Sources/DSP/Octave.c **** 
  24:../Sources/DSP/Octave.c **** void Octave(q31_t In, q31_t *Out,OctaveControl * OC)
  25:../Sources/DSP/Octave.c **** {
  56              		.loc 1 25 0
  57              		.cfi_startproc
  58              		@ args = 0, pretend = 0, frame = 0
  59              		@ frame_needed = 0, uses_anonymous_args = 0
  60              		@ link register save eliminated.
  61              	.LVL1:
  62 0000 10B4     		push	{r4}
  63              	.LCFI0:
  64              		.cfi_def_cfa_offset 4
  65              		.cfi_offset 4, -4
  26:../Sources/DSP/Octave.c **** 	
  27:../Sources/DSP/Octave.c **** 	OC->SquareTracker[1] =  OC->SquareTracker[0];
  66              		.loc 1 27 0
  67 0002 1468     		ldr	r4, [r2, #0]
  28:../Sources/DSP/Octave.c **** 	
  29:../Sources/DSP/Octave.c **** 	if(OC->SquareTracker[0] < 0)
  68              		.loc 1 29 0
  69 0004 002C     		cmp	r4, #0
  27:../Sources/DSP/Octave.c **** 	OC->SquareTracker[1] =  OC->SquareTracker[0];
  70              		.loc 1 27 0
  71 0006 5460     		str	r4, [r2, #4]
  72              		.loc 1 29 0
  73 0008 16DB     		blt	.L11
  30:../Sources/DSP/Octave.c **** 	{
  31:../Sources/DSP/Octave.c **** 		if(In > OC->HighThresh)
  32:../Sources/DSP/Octave.c **** 		{
  33:../Sources/DSP/Octave.c **** 			OC->SquareTracker[0] = 0x7FFFFFFF;
  34:../Sources/DSP/Octave.c **** 		}
  35:../Sources/DSP/Octave.c **** 	}
  36:../Sources/DSP/Octave.c **** 	else
  37:../Sources/DSP/Octave.c **** 	{
  38:../Sources/DSP/Octave.c **** 		if(In < OC->LowThresh)
  74              		.loc 1 38 0
  75 000a 1369     		ldr	r3, [r2, #16]
  76 000c 9842     		cmp	r0, r3
  77 000e 02DA     		bge	.L4
  39:../Sources/DSP/Octave.c **** 		{
  40:../Sources/DSP/Octave.c **** 			OC->SquareTracker[0] =  0x80000000;
  78              		.loc 1 40 0
  79 0010 4FF00043 		mov	r3, #-2147483648
  80 0014 1360     		str	r3, [r2, #0]
  81              	.L4:
  41:../Sources/DSP/Octave.c **** 		}
  42:../Sources/DSP/Octave.c **** 	}
  43:../Sources/DSP/Octave.c **** 	
  44:../Sources/DSP/Octave.c **** 	
  45:../Sources/DSP/Octave.c **** 	OC->Modulation[1] = OC->Modulation[0];
  82              		.loc 1 45 0
  83 0016 9460     		str	r4, [r2, #8]
  84 0018 E317     		asrs	r3, r4, #31
  85 001a 2246     		mov	r2, r4
  86              	.LVL2:
  87              	.L5:
  46:../Sources/DSP/Octave.c **** 	
  47:../Sources/DSP/Octave.c **** 	if(OC->SquareTracker[0] > 0 && OC->SquareTracker[1] < 0)
  48:../Sources/DSP/Octave.c **** 	{
  49:../Sources/DSP/Octave.c **** 		if(OC->Modulation[0] == 0x7FFFFFFF)
  50:../Sources/DSP/Octave.c **** 		{
  51:../Sources/DSP/Octave.c **** 			OC->Modulation[0] =  0x80000000; //make it -1
  52:../Sources/DSP/Octave.c **** 		}
  53:../Sources/DSP/Octave.c **** 		else
  54:../Sources/DSP/Octave.c **** 		{
  55:../Sources/DSP/Octave.c **** 			OC->Modulation[0] = 0x7FFFFFFF; //make +1
  56:../Sources/DSP/Octave.c **** 		}
  57:../Sources/DSP/Octave.c **** 	}
  58:../Sources/DSP/Octave.c **** 	
  59:../Sources/DSP/Octave.c **** 	
  60:../Sources/DSP/Octave.c **** 	if(OC->Modulation[0]> 0 && OC->Modulation[1] < 0)
  61:../Sources/DSP/Octave.c **** 		{
  62:../Sources/DSP/Octave.c **** 			if(OC->Out == 0x7FFFFFFF)
  63:../Sources/DSP/Octave.c **** 			{
  64:../Sources/DSP/Octave.c **** 				OC->Out =  0x80000000; //make it -1
  65:../Sources/DSP/Octave.c **** 			}
  66:../Sources/DSP/Octave.c **** 			else
  67:../Sources/DSP/Octave.c **** 			{
  68:../Sources/DSP/Octave.c **** 				OC->Out = 0x7FFFFFFF; //make +1
  69:../Sources/DSP/Octave.c **** 			}
  70:../Sources/DSP/Octave.c **** 		}
  71:../Sources/DSP/Octave.c **** 	
  72:../Sources/DSP/Octave.c **** 	//Apply our 1/2 frequency modulation to the input waveform.
  73:../Sources/DSP/Octave.c **** 	*Out =  ((q63_t)OC->Modulation[0] * In)>>31;
  88              		.loc 1 73 0
  89 001c 00FB03F3 		mul	r3, r0, r3
  90 0020 C417     		asrs	r4, r0, #31
  91 0022 02FB0434 		mla	r4, r2, r4, r3
  92 0026 A0FB0223 		umull	r2, r3, r0, r2
  93 002a E018     		adds	r0, r4, r3
  94              	.LVL3:
  95 002c D20F     		lsrs	r2, r2, #31
  96 002e 42EA4003 		orr	r3, r2, r0, lsl #1
  97 0032 0B60     		str	r3, [r1, #0]
  74:../Sources/DSP/Octave.c **** }
  98              		.loc 1 74 0
  99 0034 10BC     		pop	{r4}
 100 0036 7047     		bx	lr
 101              	.LVL4:
 102              	.L11:
  31:../Sources/DSP/Octave.c **** 		if(In > OC->HighThresh)
 103              		.loc 1 31 0
 104 0038 D368     		ldr	r3, [r2, #12]
 105 003a 8342     		cmp	r3, r0
 106 003c EBDA     		bge	.L4
  33:../Sources/DSP/Octave.c **** 			OC->SquareTracker[0] = 0x7FFFFFFF;
 107              		.loc 1 33 0
 108 003e 6FF00044 		mvn	r4, #-2147483648
 109 0042 1460     		str	r4, [r2, #0]
  55:../Sources/DSP/Octave.c **** 			OC->Modulation[0] = 0x7FFFFFFF; //make +1
 110              		.loc 1 55 0
 111 0044 5460     		str	r4, [r2, #4]
  68:../Sources/DSP/Octave.c **** 				OC->Out = 0x7FFFFFFF; //make +1
 112              		.loc 1 68 0
 113 0046 9460     		str	r4, [r2, #8]
 114 0048 0023     		movs	r3, #0
 115 004a 6FF00042 		mvn	r2, #-2147483648
 116              	.LVL5:
 117 004e E5E7     		b	.L5
 118              		.cfi_endproc
 119              	.LFE129:
 121              		.text
 122              	.Letext0:
 123              		.file 2 "C:/Freescale/CW MCU v10.5/MCU/ARM_GCC_Support/ewl/EWL_C/include/cstdint"
 124              		.file 3 "C:/Users/ehughes/Dropbox/FRDM/FRDM-JAM/SRC/CMSIS_DSP_3.2/Sources/Include/arm_math.h"
 125              		.file 4 "../Sources/DSP/Octave.h"
DEFINED SYMBOLS
                            *ABS*:00000000 Octave.c
C:\Users\ehughes\AppData\Local\Temp\cc2DAvWS.s:19     .text.InitOctave:00000000 $t
C:\Users\ehughes\AppData\Local\Temp\cc2DAvWS.s:24     .text.InitOctave:00000000 InitOctave
C:\Users\ehughes\AppData\Local\Temp\cc2DAvWS.s:49     .text.Octave:00000000 $t
C:\Users\ehughes\AppData\Local\Temp\cc2DAvWS.s:54     .text.Octave:00000000 Octave
                     .debug_frame:00000010 $d

NO UNDEFINED SYMBOLS
